2025-03-07 09:20:03,561 - Video file uploaded: 3. L_Lat_shuffle_2.mp4 - Country: NO
2025-03-07 09:20:07,484 - Video file uploaded: 3. L_Lat_shuffle_2.mp4 - Country: NO
2025-03-07 09:20:12,691 - Video file uploaded: 3. L_Lat_shuffle_2.mp4 - Country: NO
2025-03-07 09:20:13,089 - Excel file uploaded: 3. L_Lat_shuffle_2.xlsx - Country: NO
2025-03-07 09:21:25,565 - Processed video downloaded - Country: NO
2025-03-07 09:21:31,366 - Video file uploaded: 3. L_Lat_shuffle_2.mp4 - Country: NO
2025-03-07 09:21:31,640 - Excel file uploaded: 3. L_Lat_shuffle_2.xlsx - Country: NO
2025-03-07 09:21:32,766 - Video file uploaded: 3. L_Lat_shuffle_2.mp4 - Country: NO
2025-03-07 09:21:33,055 - Excel file uploaded: 3. L_Lat_shuffle_2.xlsx - Country: NO
2025-03-07 09:21:34,122 - Video file uploaded: 3. L_Lat_shuffle_2.mp4 - Country: NO
2025-03-07 09:21:34,397 - Excel file uploaded: 3. L_Lat_shuffle_2.xlsx - Country: NO
2025-03-07 09:34:54,117 - Raw video file uploaded: 3. L_Lat_shuffle_2.mp4 - Country: NO
2025-03-07 09:34:57,454 - Raw video file uploaded: 3. L_Lat_shuffle_2.mp4 - Country: NO
2025-03-07 09:34:57,804 - Raw excel file uploaded: 3. L_Lat_shuffle_2.xlsx - Country: NO
2025-03-07 09:41:10,771 - Raw video file uploaded: 3. L_Lat_shuffle_2.mp4 - Country: NO
2025-03-07 09:41:13,135 - Raw video file uploaded: 3. L_Lat_shuffle_2.mp4 - Country: NO
2025-03-07 09:41:13,410 - Raw excel file uploaded: 3. L_Lat_shuffle_2.xlsx - Country: NO
2025-03-07 09:42:23,091 - Processed video downloaded! - Country: NO
2025-03-07 09:42:23,366 - Processing time: 69.67 seconds - Country: NO
2025-03-07 09:43:11,778 - Raw video file uploaded: 3. L_Lat_shuffle_2.mp4 - Country: NO
2025-03-07 09:43:12,050 - Raw excel file uploaded: 3. L_Lat_shuffle_2.xlsx - Country: NO
2025-03-07 09:43:13,446 - Raw video file uploaded: 3. L_Lat_shuffle_2.mp4 - Country: NO
2025-03-07 09:43:13,718 - Raw excel file uploaded: 3. L_Lat_shuffle_2.xlsx - Country: NO
2025-03-07 09:43:14,596 - Raw video file uploaded: 3. L_Lat_shuffle_2.mp4 - Country: NO
2025-03-07 09:43:14,876 - Raw excel file uploaded: 3. L_Lat_shuffle_2.xlsx - Country: NO
2025-03-07 09:43:50,067 - Raw video file uploaded: 4. L_Lat_shuffle.mp4 - Country: NO
2025-03-07 09:43:50,472 - Raw excel file uploaded: 3. L_Lat_shuffle_2.xlsx - Country: NO
2025-03-07 09:43:52,817 - Raw video file uploaded: 4. L_Lat_shuffle.mp4 - Country: NO
2025-03-07 09:43:53,151 - Raw excel file uploaded: 4. L_Lat_shuffle.xlsx - Country: NO
2025-03-07 09:44:02,584 - Raw video file uploaded: 4. L_Lat_shuffle.mp4 - Country: NO
2025-03-07 09:44:05,236 - Raw video file uploaded: 4. L_Lat_shuffle.mp4 - Country: NO
2025-03-07 09:44:05,564 - Raw excel file uploaded: 4. L_Lat_shuffle.xlsx - Country: NO
2025-03-07 09:44:45,258 - Processed video downloaded! - Country: NO
2025-03-07 09:44:45,536 - Processing time: 39.69 seconds - Country: NO
2025-03-07 09:44:51,123 - Raw video file uploaded: 4. L_Lat_shuffle.mp4 - Country: NO
2025-03-07 09:44:51,650 - Raw excel file uploaded: 4. L_Lat_shuffle.xlsx - Country: NO
2025-03-07 09:45:47,994 - Raw video file uploaded: 4. L_Lat_shuffle.mp4 - Country: NO
2025-03-07 09:45:48,274 - Raw excel file uploaded: 4. L_Lat_shuffle.xlsx - Country: NO
2025-03-07 09:45:49,272 - Raw video file uploaded: 4. L_Lat_shuffle.mp4 - Country: NO
2025-03-07 09:45:49,553 - Raw excel file uploaded: 4. L_Lat_shuffle.xlsx - Country: NO
2025-03-07 09:45:50,493 - Raw video file uploaded: 4. L_Lat_shuffle.mp4 - Country: NO
2025-03-07 09:45:50,862 - Raw excel file uploaded: 4. L_Lat_shuffle.xlsx - Country: NO
